<h2>Select example</h2>
<mat-form-field class="select-example" appearance="fill">
  <mat-label>Favorite food</mat-label>
  <mat-select>
    @for (food of foods; track food) {
  <mat-option [value]="food.value">
      {{food.viewValue}}
    </mat-option>
}
  </mat-select>
</mat-form-field>
